<?xml version="1.0" encoding="utf-8"?>
<TestRun id="b9af1f2a-5c40-48b7-8c8f-7fa4104e3a4e" name="320050717@YY151045 2019-08-02 09:48:57" runUser="CODE1\320050717" xmlns="http://microsoft.com/schemas/VisualStudio/TeamTest/2010">
  <Times creation="2019-08-02T09:48:57.3400262+05:30" queuing="2019-08-02T09:48:57.3400262+05:30" start="2019-08-02T09:48:51.9688683+05:30" finish="2019-08-02T09:49:00.5185513+05:30" />
  <TestSettings name="default" id="98fbc76c-517f-488a-be92-aa630f17c1d4">
    <Deployment runDeploymentRoot="320050717_YY151045_2019-08-02_09_48_57" />
  </TestSettings>
  <Results>
    <UnitTestResult executionId="040121d2-c246-4060-b281-3405f22758e6" testId="95025142-f619-96e9-a07a-5bbdc36f21d2" testName="SelectItemsTest1" computerName="YY151045" duration="00:00:00.0009638" startTime="2019-08-02T09:48:58.8289810+05:30" endTime="2019-08-02T09:48:58.8309768+05:30" testType="13cdc9d9-ddb5-4fa4-a97d-d965ccfc6d4b" outcome="Passed" testListId="8c84fa94-04c1-424b-9868-57a2d4851a1d" relativeResultsDirectory="040121d2-c246-4060-b281-3405f22758e6" />
    <UnitTestResult executionId="b8c24ba1-798d-4ef2-969e-31e41473a4c9" testId="29f6c287-6cc6-e7cb-6bf4-c6aa90f9d841" testName="ProcessChatbotFeaturesTest2" computerName="YY151045" duration="00:00:00.1091441" startTime="2019-08-02T09:48:58.3273294+05:30" endTime="2019-08-02T09:48:58.4372568+05:30" testType="13cdc9d9-ddb5-4fa4-a97d-d965ccfc6d4b" outcome="Passed" testListId="8c84fa94-04c1-424b-9868-57a2d4851a1d" relativeResultsDirectory="b8c24ba1-798d-4ef2-969e-31e41473a4c9">
      <Output>
        <StdOut>Choose the following 'MEASURMENT' options:&#xD;
1: Central Survellience and alarm&#xD;
2: Child Birth Monitoring&#xD;
3: Cost Effective Monitoring&#xD;
4: Vitals&#xD;
5: Vitals and ECG&#xD;

!!!! Or else Choose Default options!!!! 
6: Display_Items
7: Start_Again
8: Exit_the_Application

Do you want 'TOUCHSCREEN' ?&#xD;
1: false&#xD;
2: true&#xD;


!!!! Or else Choose Default options!!!! 
3: Display_Items
4: Start_Again
5: Back
6: Exit_the_Application

Choose the following 'CATEGORY' options:&#xD;
1: Bedside&#xD;
2: EWS&#xD;
3: MM cum PM&#xD;
4: Spot Check PM&#xD;
5: Telemetry&#xD;


!!!! Or else Choose Default options!!!! 
6: Display_Items
7: Start_Again
8: Back
9: Exit_the_Application

Choose the following 'PORTABLITY_TRUE' options:&#xD;
1: Non-Portable&#xD;
2: Portable&#xD;
3: Wearable&#xD;


!!!! Or else Choose Default options!!!! 
4: Display_Items
5: Start_Again
6: Back
7: Exit_the_Application

Choose the following 'SIZE_TRUE' options:&#xD;
1: Large(12-15)&#xD;
2: Medium(10-12)&#xD;
3: Small(8-10)&#xD;


!!!! Or else Choose Default options!!!! 
4: Display_Items
5: Start_Again
6: Back
7: Exit_the_Application

Choose the following 'FEATURE_3' options:&#xD;
1: ACS&#xD;
2: Integrated PC&#xD;


!!!! Or else Choose Default options!!!! 
3: Display_Items
4: Start_Again
5: Back
6: Exit_the_Application
&#xD;
-------------------------------------------------------------------------------&#xD;
The Items which meet your Requirnment are : &#xD;
Intellivue MX800&#xD;
-------------------------------------------------------------------------------&#xD;
&#xD;

---------------------------------!!!!! Thank you for your Interaction !!!!!---------------------------------
      ---------------------------------------!!!!! VISIT AGAIN !!!!!---------------------------------</StdOut>
      </Output>
    </UnitTestResult>
    <UnitTestResult executionId="a212e772-eb28-4940-b332-274ada9ac7c4" testId="3158b43f-8578-67f7-c7d6-8ed52461e293" testName="ReadProductAttributesTest1" computerName="YY151045" duration="00:00:00.7747827" startTime="2019-08-02T09:48:55.7700357+05:30" endTime="2019-08-02T09:48:57.1361441+05:30" testType="13cdc9d9-ddb5-4fa4-a97d-d965ccfc6d4b" outcome="Passed" testListId="8c84fa94-04c1-424b-9868-57a2d4851a1d" relativeResultsDirectory="a212e772-eb28-4940-b332-274ada9ac7c4" />
    <UnitTestResult executionId="008a43a2-b469-42df-bd8a-65b08945edad" testId="32f6dafc-b0df-a1c9-450b-4b9f59974c15" testName="ProcessChatbotFeaturesTest3" computerName="YY151045" duration="00:00:00.0963337" startTime="2019-08-02T09:48:58.4372568+05:30" endTime="2019-08-02T09:48:58.5341881+05:30" testType="13cdc9d9-ddb5-4fa4-a97d-d965ccfc6d4b" outcome="Passed" testListId="8c84fa94-04c1-424b-9868-57a2d4851a1d" relativeResultsDirectory="008a43a2-b469-42df-bd8a-65b08945edad">
      <Output>
        <StdOut>Choose the following 'MEASURMENT' options:&#xD;
1: Central Survellience and alarm&#xD;
2: Child Birth Monitoring&#xD;
3: Cost Effective Monitoring&#xD;
4: Vitals&#xD;
5: Vitals and ECG&#xD;

!!!! Or else Choose Default options!!!! 
6: Display_Items
7: Start_Again
8: Exit_the_Application
&#xD;
-------------------------------------------------------------------------------&#xD;
The Items which meet your Requirnment are : &#xD;
Efficia CMS200&#xD;
-------------------------------------------------------------------------------&#xD;
&#xD;

---------------------------------!!!!! Thank you for your Interaction !!!!!---------------------------------
      ---------------------------------------!!!!! VISIT AGAIN !!!!!---------------------------------</StdOut>
      </Output>
    </UnitTestResult>
    <UnitTestResult executionId="e4eccec3-c08b-488d-bf84-d3c7bf8445b8" testId="73534908-8b51-63ea-314a-04d8a73cf58f" testName="ProcessChatbotFeaturesTest1" computerName="YY151045" duration="00:00:01.1796683" startTime="2019-08-02T09:48:57.1471391+05:30" endTime="2019-08-02T09:48:58.3273294+05:30" testType="13cdc9d9-ddb5-4fa4-a97d-d965ccfc6d4b" outcome="Passed" testListId="8c84fa94-04c1-424b-9868-57a2d4851a1d" relativeResultsDirectory="e4eccec3-c08b-488d-bf84-d3c7bf8445b8">
      <Output>
        <StdOut>Choose the following 'MEASURMENT' options:&#xD;
1: Central Survellience and alarm&#xD;
2: Child Birth Monitoring&#xD;
3: Cost Effective Monitoring&#xD;
4: Vitals&#xD;
5: Vitals and ECG&#xD;

!!!! Or else Choose Default options!!!! 
6: Display_Items
7: Start_Again
8: Exit_the_Application

Do you want 'TOUCHSCREEN' ?&#xD;
1: false&#xD;
2: true&#xD;


!!!! Or else Choose Default options!!!! 
3: Display_Items
4: Start_Again
5: Back
6: Exit_the_Application

Choose the following 'CATEGORY' options:&#xD;
1: Bedside&#xD;
2: EWS&#xD;
3: MM cum PM&#xD;
4: Spot Check PM&#xD;
5: Telemetry&#xD;


!!!! Or else Choose Default options!!!! 
6: Display_Items
7: Start_Again
8: Back
9: Exit_the_Application
&#xD;
-------------------------------------------------------------------------------&#xD;
The Items which meet your Requirnment are : &#xD;
Intellivue MP5T&#xD;
-------------------------------------------------------------------------------&#xD;
&#xD;

---------------------------------!!!!! Thank you for your Interaction !!!!!---------------------------------
      ---------------------------------------!!!!! VISIT AGAIN !!!!!---------------------------------</StdOut>
      </Output>
    </UnitTestResult>
    <UnitTestResult executionId="1516c5fe-aae7-4c5a-9b84-a1a604d963c2" testId="d52fd79b-db7b-9510-d8a8-2fe731d0ab30" testName="SelectItemsTest2" computerName="YY151045" duration="00:00:00.0047034" startTime="2019-08-02T09:48:58.8309768+05:30" endTime="2019-08-02T09:48:58.8359768+05:30" testType="13cdc9d9-ddb5-4fa4-a97d-d965ccfc6d4b" outcome="Passed" testListId="8c84fa94-04c1-424b-9868-57a2d4851a1d" relativeResultsDirectory="1516c5fe-aae7-4c5a-9b84-a1a604d963c2" />
    <UnitTestResult executionId="784d2c0e-176c-4f58-97f7-9dae7e03c597" testId="7fd9bedd-a6bf-a150-60a7-314c096abaec" testName="SelectItemsTest3" computerName="YY151045" duration="00:00:00.0032482" startTime="2019-08-02T09:48:58.8359768+05:30" endTime="2019-08-02T09:48:58.8399742+05:30" testType="13cdc9d9-ddb5-4fa4-a97d-d965ccfc6d4b" outcome="Passed" testListId="8c84fa94-04c1-424b-9868-57a2d4851a1d" relativeResultsDirectory="784d2c0e-176c-4f58-97f7-9dae7e03c597" />
    <UnitTestResult executionId="82228e7c-e4d6-4497-a087-e7b7cf7a4b42" testId="dcc8dab4-7382-9c7b-690d-4a56f9b042a9" testName="ProcessChatbotFeaturesTest7_start" computerName="YY151045" duration="00:00:00.0613622" startTime="2019-08-02T09:48:58.7680381+05:30" endTime="2019-08-02T09:48:58.8289810+05:30" testType="13cdc9d9-ddb5-4fa4-a97d-d965ccfc6d4b" outcome="Passed" testListId="8c84fa94-04c1-424b-9868-57a2d4851a1d" relativeResultsDirectory="82228e7c-e4d6-4497-a087-e7b7cf7a4b42">
      <Output>
        <StdOut>Choose the following 'MEASURMENT' options:&#xD;
1: Central Survellience and alarm&#xD;
2: Child Birth Monitoring&#xD;
3: Cost Effective Monitoring&#xD;
4: Vitals&#xD;
5: Vitals and ECG&#xD;

!!!! Or else Choose Default options!!!! 
6: Display_Items
7: Start_Again
8: Exit_the_Application

Do you want 'TOUCHSCREEN' ?&#xD;
1: false&#xD;
2: true&#xD;


!!!! Or else Choose Default options!!!! 
3: Display_Items
4: Start_Again
5: Back
6: Exit_the_Application

Choose the following 'CATEGORY' options:&#xD;
1: Bedside&#xD;
2: EWS&#xD;
3: MM cum PM&#xD;
4: Spot Check PM&#xD;
5: Telemetry&#xD;


!!!! Or else Choose Default options!!!! 
6: Display_Items
7: Start_Again
8: Back
9: Exit_the_Application
Choose the following 'MEASURMENT' options:&#xD;
1: Central Survellience and alarm&#xD;
2: Child Birth Monitoring&#xD;
3: Cost Effective Monitoring&#xD;
4: Vitals&#xD;
5: Vitals and ECG&#xD;

!!!! Or else Choose Default options!!!! 
6: Display_Items
7: Start_Again
8: Exit_the_Application
&#xD;
-------------------------------------------------------------------------------&#xD;
The Items which meet your Requirnment are : &#xD;
Efficia CMS200&#xD;
-------------------------------------------------------------------------------&#xD;
&#xD;

---------------------------------!!!!! Thank you for your Interaction !!!!!---------------------------------
      ---------------------------------------!!!!! VISIT AGAIN !!!!!---------------------------------</StdOut>
      </Output>
    </UnitTestResult>
    <UnitTestResult executionId="ed28ca6d-d65e-4a17-ad41-957af9e41e57" testId="89b20a49-2ee8-3fe0-a85e-d848e5bb5d55" testName="ProcessChatbotFeaturesTest6_Back2" computerName="YY151045" duration="00:00:00.0577034" startTime="2019-08-02T09:48:58.7090803+05:30" endTime="2019-08-02T09:48:58.7670208+05:30" testType="13cdc9d9-ddb5-4fa4-a97d-d965ccfc6d4b" outcome="Passed" testListId="8c84fa94-04c1-424b-9868-57a2d4851a1d" relativeResultsDirectory="ed28ca6d-d65e-4a17-ad41-957af9e41e57">
      <Output>
        <StdOut>Choose the following 'MEASURMENT' options:&#xD;
1: Central Survellience and alarm&#xD;
2: Child Birth Monitoring&#xD;
3: Cost Effective Monitoring&#xD;
4: Vitals&#xD;
5: Vitals and ECG&#xD;

!!!! Or else Choose Default options!!!! 
6: Display_Items
7: Start_Again
8: Exit_the_Application

Do you want 'TOUCHSCREEN' ?&#xD;
1: false&#xD;
2: true&#xD;


!!!! Or else Choose Default options!!!! 
3: Display_Items
4: Start_Again
5: Back
6: Exit_the_Application

Choose the following 'CATEGORY' options:&#xD;
1: Bedside&#xD;
2: EWS&#xD;
3: MM cum PM&#xD;
4: Spot Check PM&#xD;
5: Telemetry&#xD;


!!!! Or else Choose Default options!!!! 
6: Display_Items
7: Start_Again
8: Back
9: Exit_the_Application

Do you want 'TOUCHSCREEN' ?&#xD;
1: false&#xD;
2: true&#xD;


!!!! Or else Choose Default options!!!! 
3: Display_Items
4: Start_Again
5: Back
6: Exit_the_Application
Choose the following 'MEASURMENT' options:&#xD;
1: Central Survellience and alarm&#xD;
2: Child Birth Monitoring&#xD;
3: Cost Effective Monitoring&#xD;
4: Vitals&#xD;
5: Vitals and ECG&#xD;

!!!! Or else Choose Default options!!!! 
6: Display_Items
7: Start_Again
8: Exit_the_Application
&#xD;
-------------------------------------------------------------------------------&#xD;
The Items which meet your Requirnment are : &#xD;
Efficia CMS200&#xD;
-------------------------------------------------------------------------------&#xD;
&#xD;

---------------------------------!!!!! Thank you for your Interaction !!!!!---------------------------------
      ---------------------------------------!!!!! VISIT AGAIN !!!!!---------------------------------</StdOut>
      </Output>
    </UnitTestResult>
    <UnitTestResult executionId="a1b5a00e-44ab-47d6-b6be-6bc30edfbfb8" testId="3d2b90a2-8e8c-572b-95fa-7befbea51e28" testName="ProcessChatbotFeaturesTest4" computerName="YY151045" duration="00:00:00.0556158" startTime="2019-08-02T09:48:58.5341881+05:30" endTime="2019-08-02T09:48:58.5901488+05:30" testType="13cdc9d9-ddb5-4fa4-a97d-d965ccfc6d4b" outcome="Passed" testListId="8c84fa94-04c1-424b-9868-57a2d4851a1d" relativeResultsDirectory="a1b5a00e-44ab-47d6-b6be-6bc30edfbfb8">
      <Output>
        <StdOut>Choose the following 'MEASURMENT' options:&#xD;
1: Central Survellience and alarm&#xD;
2: Child Birth Monitoring&#xD;
3: Cost Effective Monitoring&#xD;
4: Vitals&#xD;
5: Vitals and ECG&#xD;

!!!! Or else Choose Default options!!!! 
6: Display_Items
7: Start_Again
8: Exit_the_Application

Do you want 'NBP_MEASURMENT' ?&#xD;
1: false&#xD;
2: true&#xD;


!!!! Or else Choose Default options!!!! 
3: Display_Items
4: Start_Again
5: Back
6: Exit_the_Application

Choose the following 'SPEED' options:&#xD;
1: Fast&#xD;
2: Slow&#xD;


!!!! Or else Choose Default options!!!! 
3: Display_Items
4: Start_Again
5: Back
6: Exit_the_Application
&#xD;
-------------------------------------------------------------------------------&#xD;
The Items which meet your Requirnment are : &#xD;
Suresight VS3&#xD;
-------------------------------------------------------------------------------&#xD;
&#xD;

---------------------------------!!!!! Thank you for your Interaction !!!!!---------------------------------
      ---------------------------------------!!!!! VISIT AGAIN !!!!!---------------------------------</StdOut>
      </Output>
    </UnitTestResult>
    <UnitTestResult executionId="253aea6c-1465-42ba-9380-b698c8146cef" testId="2d85b701-b5fa-ad41-50bb-d4e90d670f15" testName="ProcessChatbotFeaturesTest5_Back" computerName="YY151045" duration="00:00:00.1192401" startTime="2019-08-02T09:48:58.5901488+05:30" endTime="2019-08-02T09:48:58.7090803+05:30" testType="13cdc9d9-ddb5-4fa4-a97d-d965ccfc6d4b" outcome="Passed" testListId="8c84fa94-04c1-424b-9868-57a2d4851a1d" relativeResultsDirectory="253aea6c-1465-42ba-9380-b698c8146cef">
      <Output>
        <StdOut>Choose the following 'MEASURMENT' options:&#xD;
1: Central Survellience and alarm&#xD;
2: Child Birth Monitoring&#xD;
3: Cost Effective Monitoring&#xD;
4: Vitals&#xD;
5: Vitals and ECG&#xD;

!!!! Or else Choose Default options!!!! 
6: Display_Items
7: Start_Again
8: Exit_the_Application

Do you want 'TOUCHSCREEN' ?&#xD;
1: false&#xD;
2: true&#xD;


!!!! Or else Choose Default options!!!! 
3: Display_Items
4: Start_Again
5: Back
6: Exit_the_Application

Choose the following 'CATEGORY' options:&#xD;
1: Bedside&#xD;
2: EWS&#xD;
3: MM cum PM&#xD;
4: Spot Check PM&#xD;
5: Telemetry&#xD;


!!!! Or else Choose Default options!!!! 
6: Display_Items
7: Start_Again
8: Back
9: Exit_the_Application

Do you want 'TOUCHSCREEN' ?&#xD;
1: false&#xD;
2: true&#xD;


!!!! Or else Choose Default options!!!! 
3: Display_Items
4: Start_Again
5: Back
6: Exit_the_Application

Do you want 'INVASIVE_BP' ?&#xD;
1: false&#xD;
2: true&#xD;


!!!! Or else Choose Default options!!!! 
3: Display_Items
4: Start_Again
5: Back
6: Exit_the_Application
&#xD;
-------------------------------------------------------------------------------&#xD;
The Items which meet your Requirnment are : &#xD;
Suresight VM4&#xD;
-------------------------------------------------------------------------------&#xD;
&#xD;

---------------------------------!!!!! Thank you for your Interaction !!!!!---------------------------------
      ---------------------------------------!!!!! VISIT AGAIN !!!!!---------------------------------</StdOut>
      </Output>
    </UnitTestResult>
  </Results>
  <TestDefinitions>
    <UnitTest name="ProcessChatbotFeaturesTest3" storage="c:\users\320050717\source\repos\easyselectionchatbot\easyselectionchatbotunittest\bin\debug\easyselectionchatbotunittest.dll" id="32f6dafc-b0df-a1c9-450b-4b9f59974c15">
      <Execution id="008a43a2-b469-42df-bd8a-65b08945edad" />
      <TestMethod codeBase="C:\Users\320050717\source\repos\EasySelectionChatbot\EasySelectionChatbotUnitTest\bin\Debug\EasySelectionChatbotUnitTest.dll" adapterTypeName="executor://mstestadapter/v2" className="EasySelectionChatbotUnitTest.UnitTest1" name="ProcessChatbotFeaturesTest3" />
    </UnitTest>
    <UnitTest name="ProcessChatbotFeaturesTest6_Back2" storage="c:\users\320050717\source\repos\easyselectionchatbot\easyselectionchatbotunittest\bin\debug\easyselectionchatbotunittest.dll" id="89b20a49-2ee8-3fe0-a85e-d848e5bb5d55">
      <Execution id="ed28ca6d-d65e-4a17-ad41-957af9e41e57" />
      <TestMethod codeBase="C:\Users\320050717\source\repos\EasySelectionChatbot\EasySelectionChatbotUnitTest\bin\Debug\EasySelectionChatbotUnitTest.dll" adapterTypeName="executor://mstestadapter/v2" className="EasySelectionChatbotUnitTest.UnitTest1" name="ProcessChatbotFeaturesTest6_Back2" />
    </UnitTest>
    <UnitTest name="ProcessChatbotFeaturesTest7_start" storage="c:\users\320050717\source\repos\easyselectionchatbot\easyselectionchatbotunittest\bin\debug\easyselectionchatbotunittest.dll" id="dcc8dab4-7382-9c7b-690d-4a56f9b042a9">
      <Execution id="82228e7c-e4d6-4497-a087-e7b7cf7a4b42" />
      <TestMethod codeBase="C:\Users\320050717\source\repos\EasySelectionChatbot\EasySelectionChatbotUnitTest\bin\Debug\EasySelectionChatbotUnitTest.dll" adapterTypeName="executor://mstestadapter/v2" className="EasySelectionChatbotUnitTest.UnitTest1" name="ProcessChatbotFeaturesTest7_start" />
    </UnitTest>
    <UnitTest name="SelectItemsTest3" storage="c:\users\320050717\source\repos\easyselectionchatbot\easyselectionchatbotunittest\bin\debug\easyselectionchatbotunittest.dll" id="7fd9bedd-a6bf-a150-60a7-314c096abaec">
      <Execution id="784d2c0e-176c-4f58-97f7-9dae7e03c597" />
      <TestMethod codeBase="C:\Users\320050717\source\repos\EasySelectionChatbot\EasySelectionChatbotUnitTest\bin\Debug\EasySelectionChatbotUnitTest.dll" adapterTypeName="executor://mstestadapter/v2" className="EasySelectionChatbotUnitTest.UnitTest1" name="SelectItemsTest3" />
    </UnitTest>
    <UnitTest name="ReadProductAttributesTest1" storage="c:\users\320050717\source\repos\easyselectionchatbot\easyselectionchatbotunittest\bin\debug\easyselectionchatbotunittest.dll" id="3158b43f-8578-67f7-c7d6-8ed52461e293">
      <Execution id="a212e772-eb28-4940-b332-274ada9ac7c4" />
      <TestMethod codeBase="C:\Users\320050717\source\repos\EasySelectionChatbot\EasySelectionChatbotUnitTest\bin\Debug\EasySelectionChatbotUnitTest.dll" adapterTypeName="executor://mstestadapter/v2" className="EasySelectionChatbotUnitTest.UnitTest1" name="ReadProductAttributesTest1" />
    </UnitTest>
    <UnitTest name="ProcessChatbotFeaturesTest4" storage="c:\users\320050717\source\repos\easyselectionchatbot\easyselectionchatbotunittest\bin\debug\easyselectionchatbotunittest.dll" id="3d2b90a2-8e8c-572b-95fa-7befbea51e28">
      <Execution id="a1b5a00e-44ab-47d6-b6be-6bc30edfbfb8" />
      <TestMethod codeBase="C:\Users\320050717\source\repos\EasySelectionChatbot\EasySelectionChatbotUnitTest\bin\Debug\EasySelectionChatbotUnitTest.dll" adapterTypeName="executor://mstestadapter/v2" className="EasySelectionChatbotUnitTest.UnitTest1" name="ProcessChatbotFeaturesTest4" />
    </UnitTest>
    <UnitTest name="ProcessChatbotFeaturesTest1" storage="c:\users\320050717\source\repos\easyselectionchatbot\easyselectionchatbotunittest\bin\debug\easyselectionchatbotunittest.dll" id="73534908-8b51-63ea-314a-04d8a73cf58f">
      <Execution id="e4eccec3-c08b-488d-bf84-d3c7bf8445b8" />
      <TestMethod codeBase="C:\Users\320050717\source\repos\EasySelectionChatbot\EasySelectionChatbotUnitTest\bin\Debug\EasySelectionChatbotUnitTest.dll" adapterTypeName="executor://mstestadapter/v2" className="EasySelectionChatbotUnitTest.UnitTest1" name="ProcessChatbotFeaturesTest1" />
    </UnitTest>
    <UnitTest name="SelectItemsTest2" storage="c:\users\320050717\source\repos\easyselectionchatbot\easyselectionchatbotunittest\bin\debug\easyselectionchatbotunittest.dll" id="d52fd79b-db7b-9510-d8a8-2fe731d0ab30">
      <Execution id="1516c5fe-aae7-4c5a-9b84-a1a604d963c2" />
      <TestMethod codeBase="C:\Users\320050717\source\repos\EasySelectionChatbot\EasySelectionChatbotUnitTest\bin\Debug\EasySelectionChatbotUnitTest.dll" adapterTypeName="executor://mstestadapter/v2" className="EasySelectionChatbotUnitTest.UnitTest1" name="SelectItemsTest2" />
    </UnitTest>
    <UnitTest name="ProcessChatbotFeaturesTest2" storage="c:\users\320050717\source\repos\easyselectionchatbot\easyselectionchatbotunittest\bin\debug\easyselectionchatbotunittest.dll" id="29f6c287-6cc6-e7cb-6bf4-c6aa90f9d841">
      <Execution id="b8c24ba1-798d-4ef2-969e-31e41473a4c9" />
      <TestMethod codeBase="C:\Users\320050717\source\repos\EasySelectionChatbot\EasySelectionChatbotUnitTest\bin\Debug\EasySelectionChatbotUnitTest.dll" adapterTypeName="executor://mstestadapter/v2" className="EasySelectionChatbotUnitTest.UnitTest1" name="ProcessChatbotFeaturesTest2" />
    </UnitTest>
    <UnitTest name="ProcessChatbotFeaturesTest5_Back" storage="c:\users\320050717\source\repos\easyselectionchatbot\easyselectionchatbotunittest\bin\debug\easyselectionchatbotunittest.dll" id="2d85b701-b5fa-ad41-50bb-d4e90d670f15">
      <Execution id="253aea6c-1465-42ba-9380-b698c8146cef" />
      <TestMethod codeBase="C:\Users\320050717\source\repos\EasySelectionChatbot\EasySelectionChatbotUnitTest\bin\Debug\EasySelectionChatbotUnitTest.dll" adapterTypeName="executor://mstestadapter/v2" className="EasySelectionChatbotUnitTest.UnitTest1" name="ProcessChatbotFeaturesTest5_Back" />
    </UnitTest>
    <UnitTest name="SelectItemsTest1" storage="c:\users\320050717\source\repos\easyselectionchatbot\easyselectionchatbotunittest\bin\debug\easyselectionchatbotunittest.dll" id="95025142-f619-96e9-a07a-5bbdc36f21d2">
      <Execution id="040121d2-c246-4060-b281-3405f22758e6" />
      <TestMethod codeBase="C:\Users\320050717\source\repos\EasySelectionChatbot\EasySelectionChatbotUnitTest\bin\Debug\EasySelectionChatbotUnitTest.dll" adapterTypeName="executor://mstestadapter/v2" className="EasySelectionChatbotUnitTest.UnitTest1" name="SelectItemsTest1" />
    </UnitTest>
  </TestDefinitions>
  <TestEntries>
    <TestEntry testId="95025142-f619-96e9-a07a-5bbdc36f21d2" executionId="040121d2-c246-4060-b281-3405f22758e6" testListId="8c84fa94-04c1-424b-9868-57a2d4851a1d" />
    <TestEntry testId="29f6c287-6cc6-e7cb-6bf4-c6aa90f9d841" executionId="b8c24ba1-798d-4ef2-969e-31e41473a4c9" testListId="8c84fa94-04c1-424b-9868-57a2d4851a1d" />
    <TestEntry testId="3158b43f-8578-67f7-c7d6-8ed52461e293" executionId="a212e772-eb28-4940-b332-274ada9ac7c4" testListId="8c84fa94-04c1-424b-9868-57a2d4851a1d" />
    <TestEntry testId="32f6dafc-b0df-a1c9-450b-4b9f59974c15" executionId="008a43a2-b469-42df-bd8a-65b08945edad" testListId="8c84fa94-04c1-424b-9868-57a2d4851a1d" />
    <TestEntry testId="73534908-8b51-63ea-314a-04d8a73cf58f" executionId="e4eccec3-c08b-488d-bf84-d3c7bf8445b8" testListId="8c84fa94-04c1-424b-9868-57a2d4851a1d" />
    <TestEntry testId="d52fd79b-db7b-9510-d8a8-2fe731d0ab30" executionId="1516c5fe-aae7-4c5a-9b84-a1a604d963c2" testListId="8c84fa94-04c1-424b-9868-57a2d4851a1d" />
    <TestEntry testId="7fd9bedd-a6bf-a150-60a7-314c096abaec" executionId="784d2c0e-176c-4f58-97f7-9dae7e03c597" testListId="8c84fa94-04c1-424b-9868-57a2d4851a1d" />
    <TestEntry testId="dcc8dab4-7382-9c7b-690d-4a56f9b042a9" executionId="82228e7c-e4d6-4497-a087-e7b7cf7a4b42" testListId="8c84fa94-04c1-424b-9868-57a2d4851a1d" />
    <TestEntry testId="89b20a49-2ee8-3fe0-a85e-d848e5bb5d55" executionId="ed28ca6d-d65e-4a17-ad41-957af9e41e57" testListId="8c84fa94-04c1-424b-9868-57a2d4851a1d" />
    <TestEntry testId="3d2b90a2-8e8c-572b-95fa-7befbea51e28" executionId="a1b5a00e-44ab-47d6-b6be-6bc30edfbfb8" testListId="8c84fa94-04c1-424b-9868-57a2d4851a1d" />
    <TestEntry testId="2d85b701-b5fa-ad41-50bb-d4e90d670f15" executionId="253aea6c-1465-42ba-9380-b698c8146cef" testListId="8c84fa94-04c1-424b-9868-57a2d4851a1d" />
  </TestEntries>
  <TestLists>
    <TestList name="Results Not in a List" id="8c84fa94-04c1-424b-9868-57a2d4851a1d" />
    <TestList name="All Loaded Results" id="19431567-8539-422a-85d7-44ee4e166bda" />
  </TestLists>
  <ResultSummary outcome="Completed">
    <Counters total="11" executed="11" passed="11" failed="0" error="0" timeout="0" aborted="0" inconclusive="0" passedButRunAborted="0" notRunnable="0" notExecuted="0" disconnected="0" warning="0" completed="0" inProgress="0" pending="0" />
  </ResultSummary>
</TestRun>